
 Start  Stop   Length Name               Class

 00000H 03407H 03408H _TEXT              CODE
 03410H 05B8FH 02780H EMU_PROG           CODE
 05B90H 0615FH 005D0H E87_PROG           CODE
 06160H 0617DH 0001EH _INIT_             INITDATA
 0617EH 0617EH 00000H _INITEND_          INITDATA
 06180H 06180H 00000H _EXIT_             EXITDATA
 06180H 0618FH 00010H _EXITEND_          EXITDATA
 06190H 06190H 00000H _RD                ROMDATA
 06190H 0619FH 00010H _ERD               ENDROMDATA
 061A0H 067E1H 00642H _DATA              DATA
 067E2H 067E3H 00002H _CVTSEG            DATA
 067E4H 067E4H 00000H _SCNSEG            DATA
 067E4H 07A97H 012B4H _BSS               BSS
 07A98H 07A99H 00002H _BSSEND            BSSEND
 07AA0H 08A9FH 01000H _STACK             STACK
 08AA0H 08AA0H 00000H _BFD               FAR_DATA
 08AA0H 08AAFH 00010H _EFD               ENDFAR_DATA
 08AB0H 08AB0H 00000H _BRFD              ROMFARDATA
 08AB0H 08ABFH 00010H _ERFD              ENDROMFARDATA

Program entry point at 0000:0000

